@@ -1,6 +1,6 @@
 (Spin Version 6.4.6 -- 2 December 2016)
         + Partial Order Reduction
-        + Compression
+        + Graph Encoding (-DMA=88)

 Full statespace search for:
         never claim             - (none specified)
@@ -9,27 +9,22 @@
         invalid end states      +

 State-vector 88 byte, depth reached 328014, errors: 0
+MA stats: -DMA=77 is sufficient
+Minimized Automaton:    2084798 nodes and 6.38445e+06 edges
 1.8620286e+08 states, stored
 1.7759831e+08 states, matched
 3.6380117e+08 transitions (= stored+matched)
 1.3724093e+08 atomic steps
-hash conflicts: 1.1445626e+08 (resolved)

 Stats on memory usage (in Megabytes):
 20598.919       equivalent memory usage for states
                   (stored*(State-vector + overhead))
- 8418.559       actual memory usage for states
-                  (compression: 40.87%)
-                state-vector as stored =
-                  19 byte + 28 byte overhead
- 2048.000       memory used for hash table (-w28)
+  204.907       actual memory usage for states
+                  (compression: 0.99%)
    17.624       memory used for DFS stack (-m330000)
-    1.509       memory lost to fragmentation
-10482.675       total actual memory usage
+  222.388       total actual memory usage

-nr of templates: [ 0:globals 1:chans 2:procs ]
-collapse counts: [ 0:1021 2:32 3:1869 4:2 ]
 unreached in proctype qrcu_reader
         (0 of 18 states)
 unreached in proctype qrcu_updater
@@ -38,5 +33,5 @@
 unreached in init
         (0 of 23 states)

-pan: elapsed time 369 seconds
-pan: rate 505107.58 states/second
+pan: elapsed time 2.68e+03 seconds
+pan: rate 69453.282 states/second
